INFO:saintview.mpps:MPPS SCP 리스너 시작 — AET=SAINTVIEW Port=11112
INFO:saintview:Saintview PACS AI 시작 (AI mode=live)
INFO:saintview.ai_worker:AI 워커 시작 (폴링 2.0s, Orthanc 동기화 5주기)
C:\Users\egpar\AppData\Local\Packages\PythonSoftwareFoundation.Python.3.11_qbz5n2kfra8p0\LocalCache\local-packages\Python311\site-packages\jwt\api_jwt.py:368: InsecureKeyLengthWarning: The HMAC key is 18 bytes long, which is below the minimum recommended length of 32 bytes for SHA256. See RFC 7518 Section 3.2.
  decoded = self.decode_complete(
INFO:httpx:HTTP Request: GET http://localhost:8042/system "HTTP/1.1 200 OK"
INFO:httpx:HTTP Request: GET http://localhost:8042/changes?since=11808&limit=100 "HTTP/1.1 200 OK"
INFO:httpx:HTTP Request: GET http://localhost:8042/system "HTTP/1.1 200 OK"
INFO:httpx:HTTP Request: GET http://localhost:8042/system "HTTP/1.1 200 OK"
INFO:httpx:HTTP Request: GET http://localhost:8042/statistics "HTTP/1.1 200 OK"
INFO:httpx:HTTP Request: GET http://localhost:8042/system "HTTP/1.1 200 OK"
INFO:httpx:HTTP Request: GET http://localhost:8042/statistics "HTTP/1.1 200 OK"
INFO:httpx:HTTP Request: GET http://localhost:8042/system "HTTP/1.1 200 OK"
INFO:httpx:HTTP Request: GET http://localhost:8042/statistics "HTTP/1.1 200 OK"
INFO:httpx:HTTP Request: GET http://localhost:8042/system "HTTP/1.1 200 OK"
INFO:httpx:HTTP Request: GET http://localhost:8042/system "HTTP/1.1 200 OK"
INFO:httpx:HTTP Request: GET http://localhost:8042/statistics "HTTP/1.1 200 OK"
INFO:httpx:HTTP Request: GET http://localhost:8042/system "HTTP/1.1 200 OK"
INFO:httpx:HTTP Request: GET http://localhost:8042/system "HTTP/1.1 200 OK"
INFO:httpx:HTTP Request: GET http://localhost:8042/statistics "HTTP/1.1 200 OK"
INFO:httpx:HTTP Request: GET http://localhost:8042/system "HTTP/1.1 200 OK"
INFO:httpx:HTTP Request: GET http://localhost:8042/system "HTTP/1.1 200 OK"
INFO:httpx:HTTP Request: GET http://localhost:8042/statistics "HTTP/1.1 200 OK"
INFO:httpx:HTTP Request: GET http://localhost:8042/system "HTTP/1.1 200 OK"
INFO:httpx:HTTP Request: GET http://localhost:8042/changes?since=11808&limit=100 "HTTP/1.1 200 OK"
INFO:httpx:HTTP Request: GET http://localhost:8042/system "HTTP/1.1 200 OK"
INFO:httpx:HTTP Request: GET http://localhost:8042/system "HTTP/1.1 200 OK"
INFO:httpx:HTTP Request: GET http://localhost:8042/studies "HTTP/1.1 200 OK"
INFO:httpx:HTTP Request: GET http://localhost:3000 "HTTP/1.1 200 OK"
INFO:httpx:HTTP Request: GET http://localhost:8042/system "HTTP/1.1 200 OK"
INFO:httpx:HTTP Request: GET http://localhost:8042/system "HTTP/1.1 200 OK"
INFO:httpx:HTTP Request: GET http://localhost:8042/studies "HTTP/1.1 200 OK"
INFO:httpx:HTTP Request: GET http://localhost:3000 "HTTP/1.1 200 OK"
C:\Users\egpar\AppData\Local\Packages\PythonSoftwareFoundation.Python.3.11_qbz5n2kfra8p0\LocalCache\local-packages\Python311\site-packages\jwt\api_jwt.py:147: InsecureKeyLengthWarning: The HMAC key is 18 bytes long, which is below the minimum recommended length of 32 bytes for SHA256. See RFC 7518 Section 3.2.
  return self._jws.encode(
INFO:httpx:HTTP Request: GET http://localhost:8042/system "HTTP/1.1 200 OK"
INFO:httpx:HTTP Request: GET http://localhost:8042/changes?since=11808&limit=100 "HTTP/1.1 200 OK"
INFO:httpx:HTTP Request: GET http://localhost:8042/system "HTTP/1.1 200 OK"
INFO:httpx:HTTP Request: GET http://localhost:8042/system "HTTP/1.1 200 OK"
INFO:httpx:HTTP Request: GET http://localhost:8042/studies "HTTP/1.1 200 OK"
INFO:httpx:HTTP Request: GET http://localhost:3000 "HTTP/1.1 200 OK"
INFO:httpx:HTTP Request: GET http://localhost:8042/system "HTTP/1.1 200 OK"
INFO:httpx:HTTP Request: GET http://localhost:8042/changes?since=11808&limit=100 "HTTP/1.1 200 OK"
INFO:httpx:HTTP Request: GET http://localhost:8042/system "HTTP/1.1 200 OK"
INFO:httpx:HTTP Request: GET http://localhost:8042/system "HTTP/1.1 200 OK"
INFO:httpx:HTTP Request: GET http://localhost:8042/studies "HTTP/1.1 200 OK"
INFO:httpx:HTTP Request: GET http://localhost:3000 "HTTP/1.1 200 OK"
INFO:httpx:HTTP Request: GET http://localhost:8042/system "HTTP/1.1 200 OK"
INFO:httpx:HTTP Request: GET http://localhost:8042/changes?since=11808&limit=100 "HTTP/1.1 200 OK"
INFO:httpx:HTTP Request: GET http://localhost:8042/system "HTTP/1.1 200 OK"
INFO:httpx:HTTP Request: GET http://localhost:8042/system "HTTP/1.1 200 OK"
INFO:httpx:HTTP Request: GET http://localhost:8042/studies "HTTP/1.1 200 OK"
INFO:httpx:HTTP Request: GET http://localhost:3000 "HTTP/1.1 200 OK"
INFO:httpx:HTTP Request: GET http://localhost:8042/system "HTTP/1.1 200 OK"
INFO:httpx:HTTP Request: GET http://localhost:8042/changes?since=11808&limit=100 "HTTP/1.1 200 OK"
INFO:httpx:HTTP Request: GET http://localhost:8042/system "HTTP/1.1 200 OK"
INFO:httpx:HTTP Request: GET http://localhost:8042/system "HTTP/1.1 200 OK"
INFO:httpx:HTTP Request: GET http://localhost:8042/studies "HTTP/1.1 200 OK"
INFO:httpx:HTTP Request: GET http://localhost:3000 "HTTP/1.1 200 OK"
INFO:httpx:HTTP Request: GET http://localhost:8042/system "HTTP/1.1 200 OK"
INFO:httpx:HTTP Request: GET http://localhost:8042/changes?since=11808&limit=100 "HTTP/1.1 200 OK"
INFO:httpx:HTTP Request: GET http://localhost:8042/system "HTTP/1.1 200 OK"
INFO:httpx:HTTP Request: GET http://localhost:8042/system "HTTP/1.1 200 OK"
INFO:httpx:HTTP Request: GET http://localhost:8042/studies "HTTP/1.1 200 OK"
INFO:httpx:HTTP Request: GET http://localhost:3000 "HTTP/1.1 200 OK"
INFO:httpx:HTTP Request: GET http://localhost:8042/system "HTTP/1.1 200 OK"
INFO:httpx:HTTP Request: GET http://localhost:8042/changes?since=11808&limit=100 "HTTP/1.1 200 OK"
INFO:httpx:HTTP Request: GET http://localhost:8042/system "HTTP/1.1 200 OK"
INFO:httpx:HTTP Request: GET http://localhost:8042/system "HTTP/1.1 200 OK"
INFO:httpx:HTTP Request: GET http://localhost:8042/studies "HTTP/1.1 200 OK"
INFO:httpx:HTTP Request: GET http://localhost:3000 "HTTP/1.1 200 OK"
INFO:httpx:HTTP Request: GET http://localhost:8042/system "HTTP/1.1 200 OK"
INFO:httpx:HTTP Request: GET http://localhost:8042/changes?since=11808&limit=100 "HTTP/1.1 200 OK"
INFO:httpx:HTTP Request: GET http://localhost:8042/system "HTTP/1.1 200 OK"
INFO:httpx:HTTP Request: GET http://localhost:8042/system "HTTP/1.1 200 OK"
INFO:httpx:HTTP Request: GET http://localhost:8042/studies "HTTP/1.1 200 OK"
INFO:httpx:HTTP Request: GET http://localhost:3000 "HTTP/1.1 200 OK"
INFO:httpx:HTTP Request: GET http://localhost:8042/system "HTTP/1.1 200 OK"
INFO:httpx:HTTP Request: GET http://localhost:8042/statistics "HTTP/1.1 200 OK"
INFO:httpx:HTTP Request: GET http://localhost:8042/system "HTTP/1.1 200 OK"
INFO:httpx:HTTP Request: GET http://localhost:8042/changes?since=11808&limit=100 "HTTP/1.1 200 OK"
INFO:httpx:HTTP Request: GET http://localhost:8042/system "HTTP/1.1 200 OK"
INFO:httpx:HTTP Request: GET http://localhost:8042/changes?since=11808&limit=100 "HTTP/1.1 200 OK"
INFO:httpx:HTTP Request: GET http://localhost:8042/system "HTTP/1.1 200 OK"
INFO:httpx:HTTP Request: GET http://localhost:8042/changes?since=11808&limit=100 "HTTP/1.1 200 OK"
INFO:httpx:HTTP Request: GET http://localhost:8042/system "HTTP/1.1 200 OK"
INFO:httpx:HTTP Request: GET http://localhost:8042/changes?since=11808&limit=100 "HTTP/1.1 200 OK"
INFO:httpx:HTTP Request: GET http://localhost:8042/system "HTTP/1.1 200 OK"
INFO:httpx:HTTP Request: GET http://localhost:8042/changes?since=11808&limit=100 "HTTP/1.1 200 OK"
INFO:httpx:HTTP Request: GET http://localhost:8042/system "HTTP/1.1 200 OK"
INFO:httpx:HTTP Request: GET http://localhost:8042/system "HTTP/1.1 200 OK"
INFO:httpx:HTTP Request: GET http://localhost:8042/studies "HTTP/1.1 200 OK"
INFO:httpx:HTTP Request: GET http://localhost:3000 "HTTP/1.1 200 OK"
INFO:httpx:HTTP Request: GET http://localhost:8042/system "HTTP/1.1 200 OK"
INFO:httpx:HTTP Request: GET http://localhost:8042/changes?since=11808&limit=100 "HTTP/1.1 200 OK"
INFO:httpx:HTTP Request: GET http://localhost:8042/system "HTTP/1.1 200 OK"
INFO:httpx:HTTP Request: GET http://localhost:8042/changes?since=11808&limit=100 "HTTP/1.1 200 OK"
INFO:httpx:HTTP Request: GET http://localhost:8042/system "HTTP/1.1 200 OK"
INFO:httpx:HTTP Request: GET http://localhost:8042/system "HTTP/1.1 200 OK"
INFO:httpx:HTTP Request: GET http://localhost:8042/studies "HTTP/1.1 200 OK"
INFO:httpx:HTTP Request: GET http://localhost:3000 "HTTP/1.1 200 OK"
INFO:httpx:HTTP Request: GET http://localhost:8042/system "HTTP/1.1 200 OK"
INFO:httpx:HTTP Request: GET http://localhost:8042/changes?since=11808&limit=100 "HTTP/1.1 200 OK"
INFO:httpx:HTTP Request: GET http://localhost:8042/system "HTTP/1.1 200 OK"
INFO:httpx:HTTP Request: GET http://localhost:8042/changes?since=11808&limit=100 "HTTP/1.1 200 OK"
INFO:httpx:HTTP Request: GET http://localhost:8042/system "HTTP/1.1 200 OK"
INFO:httpx:HTTP Request: GET http://localhost:8042/changes?since=11808&limit=100 "HTTP/1.1 200 OK"
INFO:httpx:HTTP Request: GET http://localhost:8042/system "HTTP/1.1 200 OK"
INFO:httpx:HTTP Request: GET http://localhost:8042/changes?since=11808&limit=100 "HTTP/1.1 200 OK"
INFO:httpx:HTTP Request: GET http://localhost:8042/system "HTTP/1.1 200 OK"
INFO:httpx:HTTP Request: GET http://localhost:8042/changes?since=11808&limit=100 "HTTP/1.1 200 OK"
INFO:httpx:HTTP Request: GET http://localhost:8042/system "HTTP/1.1 200 OK"
INFO:httpx:HTTP Request: GET http://localhost:8042/system "HTTP/1.1 200 OK"
INFO:httpx:HTTP Request: GET http://localhost:8042/studies "HTTP/1.1 200 OK"
INFO:httpx:HTTP Request: GET http://localhost:3000 "HTTP/1.1 200 OK"
INFO:httpx:HTTP Request: GET http://localhost:8042/system "HTTP/1.1 200 OK"
INFO:httpx:HTTP Request: GET http://localhost:8042/system "HTTP/1.1 200 OK"
INFO:httpx:HTTP Request: GET http://localhost:8042/studies "HTTP/1.1 200 OK"
INFO:httpx:HTTP Request: GET http://localhost:3000 "HTTP/1.1 200 OK"
INFO:httpx:HTTP Request: GET http://localhost:8042/system "HTTP/1.1 200 OK"
INFO:httpx:HTTP Request: GET http://localhost:8042/changes?since=11808&limit=100 "HTTP/1.1 200 OK"
INFO:httpx:HTTP Request: GET http://localhost:8042/system "HTTP/1.1 200 OK"
INFO:httpx:HTTP Request: GET http://localhost:8042/changes?since=11808&limit=100 "HTTP/1.1 200 OK"
INFO:httpx:HTTP Request: GET http://localhost:8042/system "HTTP/1.1 200 OK"
INFO:httpx:HTTP Request: GET http://localhost:8042/system "HTTP/1.1 200 OK"
INFO:httpx:HTTP Request: GET http://localhost:8042/studies "HTTP/1.1 200 OK"
INFO:httpx:HTTP Request: GET http://localhost:3000 "HTTP/1.1 200 OK"
INFO:httpx:HTTP Request: GET http://localhost:8042/system "HTTP/1.1 200 OK"
INFO:httpx:HTTP Request: GET http://localhost:8042/system "HTTP/1.1 200 OK"
INFO:httpx:HTTP Request: GET http://localhost:8042/studies "HTTP/1.1 200 OK"
INFO:httpx:HTTP Request: GET http://localhost:3000 "HTTP/1.1 200 OK"
INFO:httpx:HTTP Request: GET http://localhost:8042/system "HTTP/1.1 200 OK"
INFO:httpx:HTTP Request: GET http://localhost:8042/changes?since=11808&limit=100 "HTTP/1.1 200 OK"
INFO:httpx:HTTP Request: GET http://localhost:8042/system "HTTP/1.1 200 OK"
INFO:httpx:HTTP Request: GET http://localhost:8042/system "HTTP/1.1 200 OK"
INFO:httpx:HTTP Request: GET http://localhost:8042/studies "HTTP/1.1 200 OK"
INFO:httpx:HTTP Request: GET http://localhost:3000 "HTTP/1.1 200 OK"
INFO:httpx:HTTP Request: GET http://localhost:8042/system "HTTP/1.1 200 OK"
INFO:httpx:HTTP Request: GET http://localhost:8042/changes?since=11808&limit=100 "HTTP/1.1 200 OK"
INFO:httpx:HTTP Request: GET http://localhost:8042/system "HTTP/1.1 200 OK"
INFO:httpx:HTTP Request: GET http://localhost:8042/system "HTTP/1.1 200 OK"
INFO:httpx:HTTP Request: GET http://localhost:8042/studies "HTTP/1.1 200 OK"
INFO:httpx:HTTP Request: GET http://localhost:3000 "HTTP/1.1 200 OK"
INFO:httpx:HTTP Request: GET http://localhost:8042/system "HTTP/1.1 200 OK"
INFO:httpx:HTTP Request: GET http://localhost:8042/changes?since=11808&limit=100 "HTTP/1.1 200 OK"
INFO:httpx:HTTP Request: GET http://localhost:8042/system "HTTP/1.1 200 OK"
INFO:httpx:HTTP Request: GET http://localhost:8042/changes?since=11808&limit=100 "HTTP/1.1 200 OK"
INFO:httpx:HTTP Request: GET http://localhost:8042/system "HTTP/1.1 200 OK"
INFO:httpx:HTTP Request: GET http://localhost:8042/changes?since=11808&limit=100 "HTTP/1.1 200 OK"
INFO:httpx:HTTP Request: GET http://localhost:8042/system "HTTP/1.1 200 OK"
INFO:httpx:HTTP Request: GET http://localhost:8042/changes?since=11808&limit=100 "HTTP/1.1 200 OK"
INFO:httpx:HTTP Request: GET http://localhost:8042/system "HTTP/1.1 200 OK"
INFO:httpx:HTTP Request: GET http://localhost:8042/changes?since=11808&limit=100 "HTTP/1.1 200 OK"
INFO:httpx:HTTP Request: GET http://localhost:8042/system "HTTP/1.1 200 OK"
INFO:httpx:HTTP Request: GET http://localhost:8042/changes?since=11808&limit=100 "HTTP/1.1 200 OK"
INFO:httpx:HTTP Request: GET http://localhost:8042/system "HTTP/1.1 200 OK"
INFO:httpx:HTTP Request: GET http://localhost:8042/changes?since=11808&limit=100 "HTTP/1.1 200 OK"
INFO:httpx:HTTP Request: GET http://localhost:8042/system "HTTP/1.1 200 OK"
INFO:httpx:HTTP Request: GET http://localhost:8042/changes?since=11808&limit=100 "HTTP/1.1 200 OK"
INFO:httpx:HTTP Request: GET http://localhost:8042/system "HTTP/1.1 200 OK"
INFO:httpx:HTTP Request: GET http://localhost:8042/changes?since=11808&limit=100 "HTTP/1.1 200 OK"
INFO:httpx:HTTP Request: GET http://localhost:8042/system "HTTP/1.1 200 OK"
INFO:httpx:HTTP Request: GET http://localhost:8042/changes?since=11808&limit=100 "HTTP/1.1 200 OK"
INFO:httpx:HTTP Request: GET http://localhost:8042/system "HTTP/1.1 200 OK"
INFO:httpx:HTTP Request: GET http://localhost:8042/changes?since=11808&limit=100 "HTTP/1.1 200 OK"
INFO:httpx:HTTP Request: GET http://localhost:8042/system "HTTP/1.1 200 OK"
INFO:httpx:HTTP Request: GET http://localhost:8042/changes?since=11808&limit=100 "HTTP/1.1 200 OK"
INFO:httpx:HTTP Request: GET http://localhost:8042/system "HTTP/1.1 200 OK"
INFO:httpx:HTTP Request: GET http://localhost:8042/changes?since=11808&limit=100 "HTTP/1.1 200 OK"
INFO:httpx:HTTP Request: GET http://localhost:8042/system "HTTP/1.1 200 OK"
INFO:httpx:HTTP Request: GET http://localhost:8042/system "HTTP/1.1 200 OK"
INFO:httpx:HTTP Request: GET http://localhost:8042/studies "HTTP/1.1 200 OK"
INFO:httpx:HTTP Request: GET http://localhost:3000 "HTTP/1.1 200 OK"
INFO:httpx:HTTP Request: GET http://localhost:8042/system "HTTP/1.1 200 OK"
INFO:httpx:HTTP Request: GET http://localhost:8042/system "HTTP/1.1 200 OK"
INFO:httpx:HTTP Request: GET http://localhost:8042/studies "HTTP/1.1 200 OK"
INFO:httpx:HTTP Request: GET http://localhost:3000 "HTTP/1.1 200 OK"
INFO:httpx:HTTP Request: GET http://localhost:8042/system "HTTP/1.1 200 OK"
INFO:httpx:HTTP Request: GET http://localhost:8042/statistics "HTTP/1.1 200 OK"
INFO:httpx:HTTP Request: GET http://localhost:8042/system "HTTP/1.1 200 OK"
INFO:httpx:HTTP Request: GET http://localhost:8042/statistics "HTTP/1.1 200 OK"
INFO:httpx:HTTP Request: GET http://localhost:8042/system "HTTP/1.1 200 OK"
INFO:httpx:HTTP Request: GET http://localhost:8042/changes?since=11808&limit=100 "HTTP/1.1 200 OK"
INFO:httpx:HTTP Request: GET http://localhost:8042/system "HTTP/1.1 200 OK"
INFO:httpx:HTTP Request: GET http://localhost:8042/system "HTTP/1.1 200 OK"
INFO:httpx:HTTP Request: GET http://localhost:8042/studies "HTTP/1.1 200 OK"
INFO:httpx:HTTP Request: GET http://localhost:3000 "HTTP/1.1 200 OK"
INFO:httpx:HTTP Request: GET http://localhost:8042/system "HTTP/1.1 200 OK"
INFO:httpx:HTTP Request: GET http://localhost:8042/system "HTTP/1.1 200 OK"
INFO:httpx:HTTP Request: GET http://localhost:8042/studies "HTTP/1.1 200 OK"
INFO:httpx:HTTP Request: GET http://localhost:3000 "HTTP/1.1 200 OK"
INFO:httpx:HTTP Request: GET http://localhost:8042/system "HTTP/1.1 200 OK"
INFO:httpx:HTTP Request: GET http://localhost:8042/changes?since=11808&limit=100 "HTTP/1.1 200 OK"
INFO:httpx:HTTP Request: GET http://localhost:8042/system "HTTP/1.1 200 OK"
INFO:httpx:HTTP Request: GET http://localhost:8042/changes?since=11808&limit=100 "HTTP/1.1 200 OK"
INFO:httpx:HTTP Request: GET http://localhost:8042/system "HTTP/1.1 200 OK"
INFO:httpx:HTTP Request: GET http://localhost:8042/changes?since=11808&limit=100 "HTTP/1.1 200 OK"
INFO:httpx:HTTP Request: GET http://localhost:8042/system "HTTP/1.1 200 OK"
INFO:httpx:HTTP Request: GET http://localhost:8042/changes?since=11808&limit=100 "HTTP/1.1 200 OK"
INFO:httpx:HTTP Request: GET http://localhost:8042/system "HTTP/1.1 200 OK"
INFO:httpx:HTTP Request: GET http://localhost:8042/changes?since=11808&limit=100 "HTTP/1.1 200 OK"
INFO:httpx:HTTP Request: GET http://localhost:8042/system "HTTP/1.1 200 OK"
INFO:httpx:HTTP Request: GET http://localhost:8042/changes?since=11808&limit=100 "HTTP/1.1 200 OK"
INFO:httpx:HTTP Request: GET http://localhost:8042/system "HTTP/1.1 200 OK"
INFO:httpx:HTTP Request: GET http://localhost:8042/changes?since=11808&limit=100 "HTTP/1.1 200 OK"
INFO:httpx:HTTP Request: GET http://localhost:8042/system "HTTP/1.1 200 OK"
INFO:httpx:HTTP Request: GET http://localhost:8042/changes?since=11808&limit=100 "HTTP/1.1 200 OK"
INFO:httpx:HTTP Request: GET http://localhost:8042/system "HTTP/1.1 200 OK"
INFO:httpx:HTTP Request: GET http://localhost:8042/changes?since=11808&limit=100 "HTTP/1.1 200 OK"
INFO:httpx:HTTP Request: GET http://localhost:8042/system "HTTP/1.1 200 OK"
INFO:httpx:HTTP Request: GET http://localhost:8042/system "HTTP/1.1 200 OK"
INFO:httpx:HTTP Request: GET http://localhost:8042/statistics "HTTP/1.1 200 OK"
INFO:httpx:HTTP Request: GET http://localhost:8042/system "HTTP/1.1 200 OK"
INFO:httpx:HTTP Request: GET http://localhost:8042/statistics "HTTP/1.1 200 OK"
INFO:httpx:HTTP Request: GET http://localhost:8042/system "HTTP/1.1 200 OK"
INFO:httpx:HTTP Request: GET http://localhost:8042/statistics "HTTP/1.1 200 OK"
INFO:httpx:HTTP Request: GET http://localhost:8042/system "HTTP/1.1 200 OK"
INFO:httpx:HTTP Request: GET http://localhost:8042/system "HTTP/1.1 200 OK"
INFO:httpx:HTTP Request: GET http://localhost:8042/statistics "HTTP/1.1 200 OK"
INFO:httpx:HTTP Request: GET http://localhost:8042/system "HTTP/1.1 200 OK"
INFO:httpx:HTTP Request: GET http://localhost:8042/changes?since=11808&limit=100 "HTTP/1.1 200 OK"
INFO:httpx:HTTP Request: GET http://localhost:8042/system "HTTP/1.1 200 OK"
INFO:httpx:HTTP Request: GET http://localhost:8042/system "HTTP/1.1 200 OK"
INFO:httpx:HTTP Request: GET http://localhost:8042/studies "HTTP/1.1 200 OK"
INFO:httpx:HTTP Request: GET http://localhost:3000 "HTTP/1.1 200 OK"
INFO:httpx:HTTP Request: GET http://localhost:8042/system "HTTP/1.1 200 OK"
INFO:httpx:HTTP Request: GET http://localhost:8042/system "HTTP/1.1 200 OK"
INFO:httpx:HTTP Request: GET http://localhost:8042/studies "HTTP/1.1 200 OK"
INFO:httpx:HTTP Request: GET http://localhost:3000 "HTTP/1.1 200 OK"
INFO:httpx:HTTP Request: GET http://localhost:8042/system "HTTP/1.1 200 OK"
INFO:httpx:HTTP Request: GET http://localhost:8042/changes?since=11808&limit=100 "HTTP/1.1 200 OK"
INFO:httpx:HTTP Request: GET http://localhost:8042/system "HTTP/1.1 200 OK"
INFO:httpx:HTTP Request: GET http://localhost:8042/system "HTTP/1.1 200 OK"
INFO:httpx:HTTP Request: GET http://localhost:8042/statistics "HTTP/1.1 200 OK"
INFO:httpx:HTTP Request: GET http://localhost:8042/system "HTTP/1.1 200 OK"
INFO:httpx:HTTP Request: GET http://localhost:8042/system "HTTP/1.1 200 OK"
INFO:httpx:HTTP Request: GET http://localhost:8042/statistics "HTTP/1.1 200 OK"
INFO:httpx:HTTP Request: GET http://localhost:8042/system "HTTP/1.1 200 OK"
INFO:httpx:HTTP Request: GET http://localhost:8042/system "HTTP/1.1 200 OK"
INFO:httpx:HTTP Request: GET http://localhost:8042/studies "HTTP/1.1 200 OK"
INFO:httpx:HTTP Request: GET http://localhost:3000 "HTTP/1.1 200 OK"
INFO:httpx:HTTP Request: GET http://localhost:8042/system "HTTP/1.1 200 OK"
INFO:httpx:HTTP Request: GET http://localhost:8042/system "HTTP/1.1 200 OK"
INFO:httpx:HTTP Request: GET http://localhost:8042/studies "HTTP/1.1 200 OK"
INFO:httpx:HTTP Request: GET http://localhost:3000 "HTTP/1.1 200 OK"
INFO:httpx:HTTP Request: GET http://localhost:8042/system "HTTP/1.1 200 OK"
INFO:httpx:HTTP Request: GET http://localhost:8042/changes?since=11808&limit=100 "HTTP/1.1 200 OK"
INFO:httpx:HTTP Request: GET http://localhost:8042/system "HTTP/1.1 200 OK"
INFO:httpx:HTTP Request: GET http://localhost:8042/system "HTTP/1.1 200 OK"
INFO:httpx:HTTP Request: GET http://localhost:8042/studies "HTTP/1.1 200 OK"
INFO:httpx:HTTP Request: GET http://localhost:3000 "HTTP/1.1 200 OK"
INFO:httpx:HTTP Request: GET http://localhost:8042/system "HTTP/1.1 200 OK"
INFO:httpx:HTTP Request: GET http://localhost:8042/changes?since=11808&limit=100 "HTTP/1.1 200 OK"
INFO:httpx:HTTP Request: GET http://localhost:8042/system "HTTP/1.1 200 OK"
INFO:httpx:HTTP Request: GET http://localhost:8042/system "HTTP/1.1 200 OK"
INFO:httpx:HTTP Request: GET http://localhost:8042/studies "HTTP/1.1 200 OK"
INFO:httpx:HTTP Request: GET http://localhost:3000 "HTTP/1.1 200 OK"
INFO:httpx:HTTP Request: GET http://localhost:8042/system "HTTP/1.1 200 OK"
INFO:httpx:HTTP Request: GET http://localhost:8042/changes?since=11808&limit=100 "HTTP/1.1 200 OK"
INFO:httpx:HTTP Request: GET http://localhost:8042/system "HTTP/1.1 200 OK"
INFO:httpx:HTTP Request: GET http://localhost:8042/system "HTTP/1.1 200 OK"
INFO:httpx:HTTP Request: GET http://localhost:8042/statistics "HTTP/1.1 200 OK"
INFO:httpx:HTTP Request: GET http://localhost:8042/system "HTTP/1.1 200 OK"
INFO:httpx:HTTP Request: GET http://localhost:8042/system "HTTP/1.1 200 OK"
INFO:httpx:HTTP Request: GET http://localhost:8042/statistics "HTTP/1.1 200 OK"
INFO:httpx:HTTP Request: GET http://localhost:8042/system "HTTP/1.1 200 OK"
INFO:httpx:HTTP Request: GET http://localhost:8042/changes?since=11808&limit=100 "HTTP/1.1 200 OK"
INFO:httpx:HTTP Request: GET http://localhost:8042/system "HTTP/1.1 200 OK"
INFO:httpx:HTTP Request: GET http://localhost:8042/system "HTTP/1.1 200 OK"
INFO:httpx:HTTP Request: GET http://localhost:8042/studies "HTTP/1.1 200 OK"
INFO:httpx:HTTP Request: GET http://localhost:3000 "HTTP/1.1 200 OK"
INFO:httpx:HTTP Request: GET http://localhost:8042/system "HTTP/1.1 200 OK"
INFO:httpx:HTTP Request: GET http://localhost:8042/system "HTTP/1.1 200 OK"
INFO:httpx:HTTP Request: GET http://localhost:8042/studies "HTTP/1.1 200 OK"
INFO:httpx:HTTP Request: GET http://localhost:3000 "HTTP/1.1 200 OK"
INFO:httpx:HTTP Request: GET http://localhost:8042/system "HTTP/1.1 200 OK"
INFO:httpx:HTTP Request: GET http://localhost:8042/changes?since=11808&limit=100 "HTTP/1.1 200 OK"
INFO:httpx:HTTP Request: GET http://localhost:8042/system "HTTP/1.1 200 OK"
INFO:httpx:HTTP Request: GET http://localhost:8042/system "HTTP/1.1 200 OK"
INFO:httpx:HTTP Request: GET http://localhost:8042/studies "HTTP/1.1 200 OK"
INFO:httpx:HTTP Request: GET http://localhost:3000 "HTTP/1.1 200 OK"
INFO:httpx:HTTP Request: GET http://localhost:8042/system "HTTP/1.1 200 OK"
INFO:httpx:HTTP Request: GET http://localhost:8042/changes?since=11808&limit=100 "HTTP/1.1 200 OK"
INFO:httpx:HTTP Request: GET http://localhost:8042/system "HTTP/1.1 200 OK"
INFO:httpx:HTTP Request: GET http://localhost:8042/system "HTTP/1.1 200 OK"
INFO:httpx:HTTP Request: GET http://localhost:8042/studies "HTTP/1.1 200 OK"
INFO:httpx:HTTP Request: GET http://localhost:3000 "HTTP/1.1 200 OK"
INFO:httpx:HTTP Request: GET http://localhost:8042/system "HTTP/1.1 200 OK"
INFO:httpx:HTTP Request: GET http://localhost:8042/system "HTTP/1.1 200 OK"
INFO:httpx:HTTP Request: GET http://localhost:8042/statistics "HTTP/1.1 200 OK"
INFO:httpx:HTTP Request: GET http://localhost:8042/system "HTTP/1.1 200 OK"
INFO:httpx:HTTP Request: GET http://localhost:8042/statistics "HTTP/1.1 200 OK"
INFO:httpx:HTTP Request: GET http://localhost:8042/system "HTTP/1.1 200 OK"
INFO:httpx:HTTP Request: GET http://localhost:8042/statistics "HTTP/1.1 200 OK"
INFO:httpx:HTTP Request: GET http://localhost:8042/system "HTTP/1.1 200 OK"
INFO:httpx:HTTP Request: GET http://localhost:8042/system "HTTP/1.1 200 OK"
INFO:httpx:HTTP Request: GET http://localhost:8042/statistics "HTTP/1.1 200 OK"
INFO:httpx:HTTP Request: GET http://localhost:8042/system "HTTP/1.1 200 OK"
INFO:httpx:HTTP Request: GET http://localhost:8042/changes?since=11808&limit=100 "HTTP/1.1 200 OK"
INFO:httpx:HTTP Request: GET http://localhost:8042/system "HTTP/1.1 200 OK"
INFO:httpx:HTTP Request: GET http://localhost:8042/changes?since=11808&limit=100 "HTTP/1.1 200 OK"
INFO:httpx:HTTP Request: GET http://localhost:8042/system "HTTP/1.1 200 OK"
INFO:httpx:HTTP Request: GET http://localhost:8042/changes?since=11808&limit=100 "HTTP/1.1 200 OK"
INFO:httpx:HTTP Request: GET http://localhost:8042/system "HTTP/1.1 200 OK"
INFO:httpx:HTTP Request: GET http://localhost:8042/changes?since=11808&limit=100 "HTTP/1.1 200 OK"
INFO:httpx:HTTP Request: GET http://localhost:8042/system "HTTP/1.1 200 OK"
INFO:httpx:HTTP Request: GET http://localhost:8042/system "HTTP/1.1 200 OK"
INFO:httpx:HTTP Request: GET http://localhost:8042/statistics "HTTP/1.1 200 OK"
INFO:httpx:HTTP Request: GET http://localhost:8042/system "HTTP/1.1 200 OK"
INFO:httpx:HTTP Request: GET http://localhost:8042/system "HTTP/1.1 200 OK"
INFO:httpx:HTTP Request: GET http://localhost:8042/statistics "HTTP/1.1 200 OK"
INFO:httpx:HTTP Request: GET http://localhost:8042/system "HTTP/1.1 200 OK"
INFO:httpx:HTTP Request: GET http://localhost:8042/changes?since=11808&limit=100 "HTTP/1.1 200 OK"
INFO:httpx:HTTP Request: GET http://localhost:8042/system "HTTP/1.1 200 OK"
INFO:httpx:HTTP Request: GET http://localhost:8042/changes?since=11808&limit=100 "HTTP/1.1 200 OK"
INFO:httpx:HTTP Request: GET http://localhost:8042/system "HTTP/1.1 200 OK"
INFO:httpx:HTTP Request: GET http://localhost:8042/changes?since=11808&limit=100 "HTTP/1.1 200 OK"
INFO:httpx:HTTP Request: GET http://localhost:8042/system "HTTP/1.1 200 OK"
INFO:httpx:HTTP Request: GET http://localhost:8042/changes?since=11808&limit=100 "HTTP/1.1 200 OK"
INFO:httpx:HTTP Request: GET http://localhost:8042/system "HTTP/1.1 200 OK"
INFO:httpx:HTTP Request: GET http://localhost:8042/changes?since=11808&limit=100 "HTTP/1.1 200 OK"
INFO:httpx:HTTP Request: GET http://localhost:8042/system "HTTP/1.1 200 OK"
INFO:httpx:HTTP Request: GET http://localhost:8042/changes?since=11808&limit=100 "HTTP/1.1 200 OK"
INFO:httpx:HTTP Request: GET http://localhost:8042/system "HTTP/1.1 200 OK"
INFO:httpx:HTTP Request: GET http://localhost:8042/system "HTTP/1.1 200 OK"
INFO:httpx:HTTP Request: GET http://localhost:8042/system "HTTP/1.1 200 OK"
INFO:httpx:HTTP Request: GET http://localhost:8042/system "HTTP/1.1 200 OK"
INFO:httpx:HTTP Request: GET http://localhost:8042/statistics "HTTP/1.1 200 OK"
INFO:httpx:HTTP Request: GET http://localhost:8042/statistics "HTTP/1.1 200 OK"
INFO:httpx:HTTP Request: GET http://localhost:8042/statistics "HTTP/1.1 200 OK"
INFO:httpx:HTTP Request: GET http://localhost:8042/system "HTTP/1.1 200 OK"
INFO:httpx:HTTP Request: GET http://localhost:8042/changes?since=11808&limit=100 "HTTP/1.1 200 OK"
INFO:httpx:HTTP Request: GET http://localhost:8042/system "HTTP/1.1 200 OK"
INFO:httpx:HTTP Request: GET http://localhost:8042/changes?since=11808&limit=100 "HTTP/1.1 200 OK"
INFO:httpx:HTTP Request: GET http://localhost:8042/system "HTTP/1.1 200 OK"
INFO:httpx:HTTP Request: GET http://localhost:8042/changes?since=11808&limit=100 "HTTP/1.1 200 OK"
INFO:httpx:HTTP Request: GET http://localhost:8042/system "HTTP/1.1 200 OK"
INFO:httpx:HTTP Request: GET http://localhost:8042/changes?since=11808&limit=100 "HTTP/1.1 200 OK"
